with monitoring enabled and default values, ConfigMap spec created with defaults values:
  1: |
    |
      {
        "annotations": {
          "list": [
            {
              "$$hashKey": "object:137",
              "builtIn": 1,
              "datasource": {
                "type": "datasource",
                "uid": "grafana"
              },
              "enable": true,
              "hide": true,
              "iconColor": "rgba(0, 211, 255, 1)",
              "limit": 100,
              "name": "Annotations & Alerts",
              "showIn": 0,
              "type": "dashboard"
            },
            {
              "$$hashKey": "object:138",
              "datasource": {
                "type": "prometheus",
                "uid": "prometheus"
              },
              "enable": true,
              "expr": "resets(process_uptime_seconds{instance=\"$instance\"}[1m]) > 0",
              "hide": false,
              "iconColor": "rgba(255, 96, 96, 1)",
              "name": "Restart Detection",
              "showIn": 0,
              "step": "1m",
              "tagKeys": "restart-tag",
              "textFormat": "uptime reset",
              "titleFormat": "Restart"
            }
          ]
        },
        "description": "Dashboard for Micrometer instrumented applications (Java, Spring Boot, Micronaut)",
        "editable": true,
        "fiscalYearStartMonth": 0,
        "graphTooltip": 1,
        "id": 2,
        "links": [],
        "panels": [
          {
            "collapsed": false,
            "gridPos": {
              "h": 1,
              "w": 24,
              "x": 0,
              "y": 0
            },
            "id": 125,
            "panels": [],
            "title": "Quick Facts",
            "type": "row"
          },
          {
            "datasource": {
              "type": "prometheus",
              "uid": "prometheus"
            },
            "fieldConfig": {
              "defaults": {
                "decimals": 1,
                "mappings": [
                  {
                    "options": {
                      "match": "null",
                      "result": {
                        "text": "N/A"
                      }
                    },
                    "type": "special"
                  }
                ],
                "thresholds": {
                  "mode": "absolute",
                  "steps": [
                    {
                      "color": "green",
                      "value": null
                    },
                    {
                      "color": "red",
                      "value": 80
                    }
                  ]
                },
                "unit": "s"
              },
              "overrides": []
            },
            "gridPos": {
              "h": 3,
              "w": 6,
              "x": 0,
              "y": 1
            },
            "id": 63,
            "maxDataPoints": 100,
            "options": {
              "colorMode": "value",
              "graphMode": "none",
              "justifyMode": "auto",
              "orientation": "horizontal",
              "percentChangeColorMode": "standard",
              "reduceOptions": {
                "calcs": [
                  "lastNotNull"
                ],
                "fields": "",
                "values": false
              },
              "showPercentChange": false,
              "textMode": "auto",
              "wideLayout": true
            },
            "targets": [
              {
                "datasource": {
                  "type": "prometheus",
                  "uid": "prometheus"
                },
                "expr": "process_uptime_seconds{instance=\"$instance\"}",
                "format": "time_series",
                "intervalFactor": 2,
                "legendFormat": "",
                "metric": "",
                "refId": "A",
                "step": 14400
              }
            ],
            "title": "Uptime",
            "type": "stat"
          },
          {
            "datasource": {
              "type": "prometheus",
              "uid": "prometheus"
            },
            "fieldConfig": {
              "defaults": {
                "mappings": [
                  {
                    "options": {
                      "match": "null",
                      "result": {
                        "text": "N/A"
                      }
                    },
                    "type": "special"
                  }
                ],
                "thresholds": {
                  "mode": "absolute",
                  "steps": [
                    {
                      "color": "green",
                      "value": null
                    },
                    {
                      "color": "red",
                      "value": 80
                    }
                  ]
                },
                "unit": "dateTimeAsIso"
              },
              "overrides": []
            },
            "gridPos": {
              "h": 3,
              "w": 6,
              "x": 6,
              "y": 1
            },
            "id": 92,
            "maxDataPoints": 100,
            "options": {
              "colorMode": "value",
              "graphMode": "none",
              "justifyMode": "auto",
              "orientation": "horizontal",
              "percentChangeColorMode": "standard",
              "reduceOptions": {
                "calcs": [
                  "lastNotNull"
                ],
                "fields": "",
                "values": false
              },
              "showPercentChange": false,
              "textMode": "auto",
              "wideLayout": true
            },
            "targets": [
              {
                "datasource": {
                  "type": "prometheus",
                  "uid": "prometheus"
                },
                "expr": "process_start_time_seconds{instance=\"$instance\"}*1000",
                "format": "time_series",
                "intervalFactor": 2,
                "legendFormat": "",
                "metric": "",
                "refId": "A",
                "step": 14400
              }
            ],
            "title": "Start time",
            "type": "stat"
          },
          {
            "datasource": {
              "type": "prometheus",
              "uid": "prometheus"
            },
            "fieldConfig": {
              "defaults": {
                "decimals": 2,
                "mappings": [
                  {
                    "options": {
                      "match": "null",
                      "result": {
                        "text": "N/A"
                      }
                    },
                    "type": "special"
                  }
                ],
                "max": 100,
                "min": 0,
                "thresholds": {
                  "mode": "absolute",
                  "steps": [
                    {
                      "color": "rgba(50, 172, 45, 0.97)",
                      "value": null
                    },
                    {
                      "color": "rgba(237, 129, 40, 0.89)",
                      "value": 70
                    },
                    {
                      "color": "rgba(245, 54, 54, 0.9)",
                      "value": 90
                    }
                  ]
                },
                "unit": "percent"
              },
              "overrides": []
            },
            "gridPos": {
              "h": 3,
              "w": 6,
              "x": 12,
              "y": 1
            },
            "id": 65,
            "maxDataPoints": 100,
            "options": {
              "colorMode": "value",
              "graphMode": "none",
              "justifyMode": "auto",
              "orientation": "horizontal",
              "percentChangeColorMode": "standard",
              "reduceOptions": {
                "calcs": [
                  "lastNotNull"
                ],
                "fields": "",
                "values": false
              },
              "showPercentChange": false,
              "textMode": "auto",
              "wideLayout": true
            },
            "targets": [
              {
                "datasource": {
                  "type": "prometheus",
                  "uid": "prometheus"
                },
                "expr": "sum(jvm_memory_used_bytes{instance=\"$instance\", area=\"heap\"})*100/sum(jvm_memory_max_bytes{instance=\"$instance\", area=\"heap\"})",
                "format": "time_series",
                "intervalFactor": 2,
                "legendFormat": "",
                "refId": "A",
                "step": 14400
              }
            ],
            "title": "Heap used",
            "type": "stat"
          },
          {
            "datasource": {
              "type": "prometheus",
              "uid": "prometheus"
            },
            "fieldConfig": {
              "defaults": {
                "decimals": 2,
                "mappings": [
                  {
                    "options": {
                      "match": "null",
                      "result": {
                        "text": "N/A"
                      }
                    },
                    "type": "special"
                  },
                  {
                    "options": {
                      "from": -1e+32,
                      "result": {
                        "text": "N/A"
                      },
                      "to": 0
                    },
                    "type": "range"
                  }
                ],
                "max": 100,
                "min": 0,
                "thresholds": {
                  "mode": "absolute",
                  "steps": [
                    {
                      "color": "rgba(50, 172, 45, 0.97)",
                      "value": null
                    },
                    {
                      "color": "rgba(237, 129, 40, 0.89)",
                      "value": 70
                    },
                    {
                      "color": "rgba(245, 54, 54, 0.9)",
                      "value": 90
                    }
                  ]
                },
                "unit": "percent"
              },
              "overrides": []
            },
            "gridPos": {
              "h": 3,
              "w": 6,
              "x": 18,
              "y": 1
            },
            "id": 75,
            "maxDataPoints": 100,
            "options": {
              "colorMode": "value",
              "graphMode": "none",
              "justifyMode": "auto",
              "orientation": "horizontal",
              "percentChangeColorMode": "standard",
              "reduceOptions": {
                "calcs": [
                  "lastNotNull"
                ],
                "fields": "",
                "values": false
              },
              "showPercentChange": false,
              "textMode": "auto",
              "wideLayout": true
            },
            "targets": [
              {
                "datasource": {
                  "type": "prometheus",
                  "uid": "prometheus"
                },
                "expr": "sum(jvm_memory_used_bytes{instance=\"$instance\", area=\"nonheap\"})*100/sum(jvm_memory_max_bytes{instance=\"$instance\", area=\"nonheap\"})",
                "format": "time_series",
                "intervalFactor": 2,
                "legendFormat": "",
                "refId": "A",
                "step": 14400
              }
            ],
            "title": "Non-Heap used",
            "type": "stat"
          },
          {
            "collapsed": false,
            "gridPos": {
              "h": 1,
              "w": 24,
              "x": 0,
              "y": 4
            },
            "id": 127,
            "panels": [],
            "title": "JVM Memory",
            "type": "row"
          },
          {
            "datasource": {
              "type": "prometheus",
              "uid": "prometheus"
            },
            "fieldConfig": {
              "defaults": {
                "color": {
                  "mode": "palette-classic"
                },
                "custom": {
                  "axisBorderShow": false,
                  "axisCenteredZero": false,
                  "axisColorMode": "text",
                  "axisLabel": "",
                  "axisPlacement": "auto",
                  "barAlignment": 0,
                  "barWidthFactor": 0.6,
                  "drawStyle": "line",
                  "fillOpacity": 10,
                  "gradientMode": "none",
                  "hideFrom": {
                    "legend": false,
                    "tooltip": false,
                    "viz": false
                  },
                  "insertNulls": false,
                  "lineInterpolation": "linear",
                  "lineWidth": 1,
                  "pointSize": 5,
                  "scaleDistribution": {
                    "type": "linear"
                  },
                  "showPoints": "never",
                  "spanNulls": false,
                  "stacking": {
                    "group": "A",
                    "mode": "none"
                  },
                  "thresholdsStyle": {
                    "mode": "off"
                  }
                },
                "mappings": [],
                "min": 0,
                "thresholds": {
                  "mode": "absolute",
                  "steps": [
                    {
                      "color": "green",
                      "value": null
                    },
                    {
                      "color": "red",
                      "value": 80
                    }
                  ]
                },
                "unit": "bytes"
              },
              "overrides": []
            },
            "gridPos": {
              "h": 7,
              "w": 8,
              "x": 0,
              "y": 5
            },
            "id": 24,
            "options": {
              "dataLinks": [],
              "legend": {
                "calcs": [
                  "lastNotNull",
                  "max"
                ],
                "displayMode": "list",
                "placement": "bottom",
                "showLegend": true
              },
              "tooltip": {
                "mode": "multi",
                "sort": "none"
              }
            },
            "targets": [
              {
                "datasource": {
                  "type": "prometheus",
                  "uid": "prometheus"
                },
                "expr": "sum(jvm_memory_used_bytes{instance=\"$instance\", area=\"heap\"})",
                "format": "time_series",
                "intervalFactor": 2,
                "legendFormat": "used",
                "metric": "",
                "refId": "A",
                "step": 2400
              },
              {
                "datasource": {
                  "type": "prometheus",
                  "uid": "prometheus"
                },
                "expr": "sum(jvm_memory_committed_bytes{instance=\"$instance\", area=\"heap\"})",
                "format": "time_series",
                "intervalFactor": 2,
                "legendFormat": "committed",
                "refId": "B",
                "step": 2400
              },
              {
                "datasource": {
                  "type": "prometheus",
                  "uid": "prometheus"
                },
                "expr": "sum(jvm_memory_max_bytes{instance=\"$instance\", area=\"heap\"})",
                "format": "time_series",
                "intervalFactor": 2,
                "legendFormat": "max",
                "refId": "C",
                "step": 2400
              }
            ],
            "title": "JVM Heap",
            "type": "timeseries"
          },
          {
            "datasource": {
              "type": "prometheus",
              "uid": "prometheus"
            },
            "fieldConfig": {
              "defaults": {
                "color": {
                  "mode": "palette-classic"
                },
                "custom": {
                  "axisBorderShow": false,
                  "axisCenteredZero": false,
                  "axisColorMode": "text",
                  "axisLabel": "",
                  "axisPlacement": "auto",
                  "barAlignment": 0,
                  "barWidthFactor": 0.6,
                  "drawStyle": "line",
                  "fillOpacity": 10,
                  "gradientMode": "none",
                  "hideFrom": {
                    "legend": false,
                    "tooltip": false,
                    "viz": false
                  },
                  "insertNulls": false,
                  "lineInterpolation": "linear",
                  "lineWidth": 1,
                  "pointSize": 5,
                  "scaleDistribution": {
                    "type": "linear"
                  },
                  "showPoints": "never",
                  "spanNulls": false,
                  "stacking": {
                    "group": "A",
                    "mode": "none"
                  },
                  "thresholdsStyle": {
                    "mode": "off"
                  }
                },
                "mappings": [],
                "min": 0,
                "thresholds": {
                  "mode": "absolute",
                  "steps": [
                    {
                      "color": "green",
                      "value": null
                    },
                    {
                      "color": "red",
                      "value": 80
                    }
                  ]
                },
                "unit": "bytes"
              },
              "overrides": []
            },
            "gridPos": {
              "h": 7,
              "w": 8,
              "x": 8,
              "y": 5
            },
            "id": 25,
            "options": {
              "dataLinks": [],
              "legend": {
                "calcs": [
                  "lastNotNull",
                  "max"
                ],
                "displayMode": "list",
                "placement": "bottom",
                "showLegend": true
              },
              "tooltip": {
                "mode": "multi",
                "sort": "none"
              }
            },
            "targets": [
              {
                "datasource": {
                  "type": "prometheus",
                  "uid": "prometheus"
                },
                "expr": "sum(jvm_memory_used_bytes{instance=\"$instance\", area=\"nonheap\"})",
                "format": "time_series",
                "interval": "",
                "intervalFactor": 2,
                "legendFormat": "used",
                "metric": "",
                "refId": "A",
                "step": 2400
              },
              {
                "datasource": {
                  "type": "prometheus",
                  "uid": "prometheus"
                },
                "expr": "sum(jvm_memory_committed_bytes{instance=\"$instance\", area=\"nonheap\"})",
                "format": "time_series",
                "intervalFactor": 2,
                "legendFormat": "committed",
                "refId": "B",
                "step": 2400
              },
              {
                "datasource": {
                  "type": "prometheus",
                  "uid": "prometheus"
                },
                "expr": "sum(jvm_memory_max_bytes{instance=\"$instance\", area=\"nonheap\"})",
                "format": "time_series",
                "intervalFactor": 2,
                "legendFormat": "max",
                "refId": "C",
                "step": 2400
              }
            ],
            "title": "JVM Non-Heap",
            "type": "timeseries"
          },
          {
            "datasource": {
              "type": "prometheus",
              "uid": "prometheus"
            },
            "fieldConfig": {
              "defaults": {
                "color": {
                  "mode": "palette-classic"
                },
                "custom": {
                  "axisBorderShow": false,
                  "axisCenteredZero": false,
                  "axisColorMode": "text",
                  "axisLabel": "",
                  "axisPlacement": "auto",
                  "barAlignment": 0,
                  "barWidthFactor": 0.6,
                  "drawStyle": "line",
                  "fillOpacity": 10,
                  "gradientMode": "none",
                  "hideFrom": {
                    "legend": false,
                    "tooltip": false,
                    "viz": false
                  },
                  "insertNulls": false,
                  "lineInterpolation": "linear",
                  "lineWidth": 1,
                  "pointSize": 5,
                  "scaleDistribution": {
                    "type": "linear"
                  },
                  "showPoints": "never",
                  "spanNulls": false,
                  "stacking": {
                    "group": "A",
                    "mode": "none"
                  },
                  "thresholdsStyle": {
                    "mode": "off"
                  }
                },
                "mappings": [],
                "min": 0,
                "thresholds": {
                  "mode": "absolute",
                  "steps": [
                    {
                      "color": "green",
                      "value": null
                    },
                    {
                      "color": "red",
                      "value": 80
                    }
                  ]
                },
                "unit": "bytes"
              },
              "overrides": []
            },
            "gridPos": {
              "h": 7,
              "w": 8,
              "x": 16,
              "y": 5
            },
            "id": 26,
            "options": {
              "dataLinks": [],
              "legend": {
                "calcs": [
                  "lastNotNull",
                  "max"
                ],
                "displayMode": "list",
                "placement": "bottom",
                "showLegend": true
              },
              "tooltip": {
                "mode": "multi",
                "sort": "none"
              }
            },
            "targets": [
              {
                "datasource": {
                  "type": "prometheus",
                  "uid": "prometheus"
                },
                "expr": "sum(jvm_memory_used_bytes{instance=\"$instance\"})",
                "format": "time_series",
                "intervalFactor": 2,
                "legendFormat": "used",
                "metric": "",
                "refId": "A",
                "step": 2400
              },
              {
                "datasource": {
                  "type": "prometheus",
                  "uid": "prometheus"
                },
                "expr": "sum(jvm_memory_committed_bytes{instance=\"$instance\"})",
                "format": "time_series",
                "intervalFactor": 2,
                "legendFormat": "committed",
                "refId": "B",
                "step": 2400
              },
              {
                "datasource": {
                  "type": "prometheus",
                  "uid": "prometheus"
                },
                "expr": "sum(jvm_memory_max_bytes{instance=\"$instance\"})",
                "format": "time_series",
                "intervalFactor": 2,
                "legendFormat": "max",
                "refId": "C",
                "step": 2400
              }
            ],
            "title": "JVM Total",
            "type": "timeseries"
          },
          {
            "collapsed": false,
            "gridPos": {
              "h": 1,
              "w": 24,
              "x": 0,
              "y": 12
            },
            "id": 128,
            "panels": [],
            "title": "JVM Misc",
            "type": "row"
          },
          {
            "datasource": {
              "type": "prometheus",
              "uid": "prometheus"
            },
            "fieldConfig": {
              "defaults": {
                "color": {
                  "mode": "palette-classic"
                },
                "custom": {
                  "axisBorderShow": false,
                  "axisCenteredZero": false,
                  "axisColorMode": "text",
                  "axisLabel": "",
                  "axisPlacement": "auto",
                  "barAlignment": 0,
                  "barWidthFactor": 0.6,
                  "drawStyle": "line",
                  "fillOpacity": 10,
                  "gradientMode": "none",
                  "hideFrom": {
                    "legend": false,
                    "tooltip": false,
                    "viz": false
                  },
                  "insertNulls": false,
                  "lineInterpolation": "linear",
                  "lineWidth": 1,
                  "pointSize": 5,
                  "scaleDistribution": {
                    "type": "linear"
                  },
                  "showPoints": "never",
                  "spanNulls": false,
                  "stacking": {
                    "group": "A",
                    "mode": "none"
                  },
                  "thresholdsStyle": {
                    "mode": "off"
                  }
                },
                "decimals": 1,
                "mappings": [],
                "max": 1,
                "min": 0,
                "thresholds": {
                  "mode": "absolute",
                  "steps": [
                    {
                      "color": "green",
                      "value": null
                    },
                    {
                      "color": "red",
                      "value": 80
                    }
                  ]
                },
                "unit": "percentunit"
              },
              "overrides": []
            },
            "gridPos": {
              "h": 7,
              "w": 11,
              "x": 0,
              "y": 13
            },
            "id": 106,
            "options": {
              "dataLinks": [],
              "legend": {
                "calcs": [
                  "lastNotNull",
                  "max"
                ],
                "displayMode": "list",
                "placement": "bottom",
                "showLegend": true
              },
              "tooltip": {
                "mode": "multi",
                "sort": "none"
              }
            },
            "targets": [
              {
                "datasource": {
                  "type": "prometheus",
                  "uid": "prometheus"
                },
                "expr": "system_cpu_usage{instance=\"$instance\"}",
                "format": "time_series",
                "hide": false,
                "intervalFactor": 1,
                "legendFormat": "system",
                "metric": "",
                "refId": "A",
                "step": 2400
              },
              {
                "datasource": {
                  "type": "prometheus",
                  "uid": "prometheus"
                },
                "expr": "process_cpu_usage{instance=\"$instance\"}",
                "format": "time_series",
                "hide": false,
                "intervalFactor": 1,
                "legendFormat": "process",
                "refId": "B"
              },
              {
                "datasource": {
                  "type": "prometheus",
                  "uid": "prometheus"
                },
                "expr": "avg_over_time(process_cpu_usage{instance=\"$instance\"}[1h])",
                "format": "time_series",
                "hide": false,
                "intervalFactor": 1,
                "legendFormat": "process-1h",
                "refId": "C"
              }
            ],
            "title": "CPU Usage",
            "type": "timeseries"
          },
          {
            "datasource": {
              "type": "prometheus",
              "uid": "prometheus"
            },
            "fieldConfig": {
              "defaults": {
                "color": {
                  "mode": "palette-classic"
                },
                "custom": {
                  "axisBorderShow": false,
                  "axisCenteredZero": false,
                  "axisColorMode": "text",
                  "axisLabel": "",
                  "axisPlacement": "auto",
                  "barAlignment": 0,
                  "barWidthFactor": 0.6,
                  "drawStyle": "line",
                  "fillOpacity": 10,
                  "gradientMode": "none",
                  "hideFrom": {
                    "legend": false,
                    "tooltip": false,
                    "viz": false
                  },
                  "insertNulls": false,
                  "lineInterpolation": "linear",
                  "lineWidth": 1,
                  "pointSize": 5,
                  "scaleDistribution": {
                    "type": "linear"
                  },
                  "showPoints": "never",
                  "spanNulls": false,
                  "stacking": {
                    "group": "A",
                    "mode": "none"
                  },
                  "thresholdsStyle": {
                    "mode": "off"
                  }
                },
                "decimals": 1,
                "mappings": [],
                "min": 0,
                "thresholds": {
                  "mode": "absolute",
                  "steps": [
                    {
                      "color": "green",
                      "value": null
                    },
                    {
                      "color": "red",
                      "value": 80
                    }
                  ]
                },
                "unit": "short"
              },
              "overrides": []
            },
            "gridPos": {
              "h": 7,
              "w": 13,
              "x": 11,
              "y": 13
            },
            "id": 93,
            "options": {
              "dataLinks": [],
              "legend": {
                "calcs": [
                  "lastNotNull",
                  "max"
                ],
                "displayMode": "list",
                "placement": "bottom",
                "showLegend": true
              },
              "tooltip": {
                "mode": "multi",
                "sort": "none"
              }
            },
            "targets": [
              {
                "datasource": {
                  "type": "prometheus",
                  "uid": "prometheus"
                },
                "expr": "system_load_average_1m{instance=\"$instance\"}",
                "format": "time_series",
                "intervalFactor": 2,
                "legendFormat": "system-1m",
                "metric": "",
                "refId": "A",
                "step": 2400
              },
              {
                "datasource": {
                  "type": "prometheus",
                  "uid": "prometheus"
                },
                "expr": "system_cpu_count{instance=\"$instance\"}",
                "format": "time_series",
                "intervalFactor": 2,
                "legendFormat": "cpus",
                "refId": "B"
              }
            ],
            "title": "Load",
            "type": "timeseries"
          },
          {
            "datasource": {
              "type": "prometheus",
              "uid": "prometheus"
            },
            "fieldConfig": {
              "defaults": {
                "color": {
                  "mode": "palette-classic"
                },
                "custom": {
                  "axisBorderShow": false,
                  "axisCenteredZero": false,
                  "axisColorMode": "text",
                  "axisLabel": "",
                  "axisPlacement": "auto",
                  "barAlignment": 0,
                  "barWidthFactor": 0.6,
                  "drawStyle": "line",
                  "fillOpacity": 0,
                  "gradientMode": "none",
                  "hideFrom": {
                    "legend": false,
                    "tooltip": false,
                    "viz": false
                  },
                  "insertNulls": false,
                  "lineInterpolation": "linear",
                  "lineWidth": 1,
                  "pointSize": 5,
                  "scaleDistribution": {
                    "type": "linear"
                  },
                  "showPoints": "auto",
                  "spanNulls": false,
                  "stacking": {
                    "group": "A",
                    "mode": "none"
                  },
                  "thresholdsStyle": {
                    "mode": "off"
                  }
                },
                "mappings": [],
                "thresholds": {
                  "mode": "absolute",
                  "steps": [
                    {
                      "color": "green",
                      "value": null
                    },
                    {
                      "color": "red",
                      "value": 80
                    }
                  ]
                }
              },
              "overrides": []
            },
            "gridPos": {
              "h": 7,
              "w": 8,
              "x": 0,
              "y": 20
            },
            "id": 124,
            "options": {
              "dataLinks": [],
              "legend": {
                "calcs": [],
                "displayMode": "list",
                "placement": "bottom",
                "showLegend": true
              },
              "tooltip": {
                "mode": "single",
                "sort": "none"
              }
            },
            "targets": [
              {
                "datasource": {
                  "type": "prometheus",
                  "uid": "prometheus"
                },
                "expr": "jvm_threads_states_threads{instance=\"$instance\"}",
                "format": "time_series",
                "interval": "",
                "intervalFactor": 2,
                "legendFormat": "{{state}}",
                "refId": "A"
              }
            ],
            "title": "Thread States",
            "type": "timeseries"
          },
          {
            "datasource": {
              "type": "prometheus",
              "uid": "prometheus"
            },
            "fieldConfig": {
              "defaults": {
                "color": {
                  "mode": "palette-classic"
                },
                "custom": {
                  "axisBorderShow": false,
                  "axisCenteredZero": false,
                  "axisColorMode": "text",
                  "axisLabel": "",
                  "axisPlacement": "auto",
                  "barAlignment": 0,
                  "barWidthFactor": 0.6,
                  "drawStyle": "line",
                  "fillOpacity": 0,
                  "gradientMode": "none",
                  "hideFrom": {
                    "legend": false,
                    "tooltip": false,
                    "viz": false
                  },
                  "insertNulls": false,
                  "lineInterpolation": "linear",
                  "lineWidth": 1,
                  "pointSize": 5,
                  "scaleDistribution": {
                    "type": "linear"
                  },
                  "showPoints": "auto",
                  "spanNulls": false,
                  "stacking": {
                    "group": "A",
                    "mode": "none"
                  },
                  "thresholdsStyle": {
                    "mode": "off"
                  }
                },
                "mappings": [],
                "thresholds": {
                  "mode": "absolute",
                  "steps": [
                    {
                      "color": "green",
                      "value": null
                    },
                    {
                      "color": "red",
                      "value": 80
                    }
                  ]
                }
              },
              "overrides": []
            },
            "gridPos": {
              "h": 7,
              "w": 8,
              "x": 8,
              "y": 20
            },
            "id": 32,
            "options": {
              "dataLinks": [],
              "legend": {
                "calcs": [],
                "displayMode": "list",
                "placement": "bottom",
                "showLegend": true
              },
              "tooltip": {
                "mode": "single",
                "sort": "none"
              }
            },
            "targets": [
              {
                "datasource": {
                  "type": "prometheus",
                  "uid": "prometheus"
                },
                "expr": "jvm_threads_live_threads{instance=\"$instance\"}",
                "format": "time_series",
                "intervalFactor": 2,
                "legendFormat": "live",
                "metric": "",
                "refId": "A",
                "step": 2400
              },
              {
                "datasource": {
                  "type": "prometheus",
                  "uid": "prometheus"
                },
                "expr": "jvm_threads_daemon_threads{instance=\"$instance\"}",
                "format": "time_series",
                "intervalFactor": 2,
                "legendFormat": "daemon",
                "metric": "",
                "refId": "B",
                "step": 2400
              },
              {
                "datasource": {
                  "type": "prometheus",
                  "uid": "prometheus"
                },
                "expr": "jvm_threads_peak_threads{instance=\"$instance\"}",
                "format": "time_series",
                "intervalFactor": 2,
                "legendFormat": "peak",
                "refId": "C",
                "step": 2400
              },
              {
                "datasource": {
                  "type": "prometheus",
                  "uid": "prometheus"
                },
                "expr": "process_threads{instance=\"$instance\"}",
                "format": "time_series",
                "interval": "",
                "intervalFactor": 2,
                "legendFormat": "process",
                "refId": "D",
                "step": 2400
              }
            ],
            "title": "Threads",
            "type": "timeseries"
          },
          {
            "datasource": {
              "type": "prometheus",
              "uid": "prometheus"
            },
            "fieldConfig": {
              "defaults": {
                "color": {
                  "mode": "palette-classic"
                },
                "custom": {
                  "axisBorderShow": false,
                  "axisCenteredZero": false,
                  "axisColorMode": "text",
                  "axisLabel": "",
                  "axisPlacement": "auto",
                  "barAlignment": 0,
                  "barWidthFactor": 0.6,
                  "drawStyle": "line",
                  "fillOpacity": 0,
                  "gradientMode": "none",
                  "hideFrom": {
                    "legend": false,
                    "tooltip": false,
                    "viz": false
                  },
                  "insertNulls": false,
                  "lineInterpolation": "linear",
                  "lineWidth": 1,
                  "pointSize": 5,
                  "scaleDistribution": {
                    "type": "linear"
                  },
                  "showPoints": "auto",
                  "spanNulls": false,
                  "stacking": {
                    "group": "A",
                    "mode": "none"
                  },
                  "thresholdsStyle": {
                    "mode": "off"
                  }
                },
                "mappings": [],
                "thresholds": {
                  "mode": "absolute",
                  "steps": [
                    {
                      "color": "green",
                      "value": null
                    },
                    {
                      "color": "red",
                      "value": 80
                    }
                  ]
                }
              },
              "overrides": []
            },
            "gridPos": {
              "h": 7,
              "w": 8,
              "x": 16,
              "y": 20
            },
            "id": 61,
            "options": {
              "dataLinks": [],
              "legend": {
                "calcs": [],
                "displayMode": "list",
                "placement": "bottom",
                "showLegend": true
              },
              "tooltip": {
                "mode": "single",
                "sort": "none"
              }
            },
            "targets": [
              {
                "datasource": {
                  "type": "prometheus",
                  "uid": "prometheus"
                },
                "expr": "process_files_open_files{instance=\"$instance\"}",
                "format": "time_series",
                "hide": false,
                "intervalFactor": 2,
                "legendFormat": "open",
                "metric": "",
                "refId": "A",
                "step": 2400
              },
              {
                "datasource": {
                  "type": "prometheus",
                  "uid": "prometheus"
                },
                "expr": "process_files_max_files{instance=\"$instance\"}",
                "format": "time_series",
                "hide": false,
                "intervalFactor": 2,
                "legendFormat": "max",
                "metric": "",
                "refId": "B",
                "step": 2400
              }
            ],
            "title": "File Descriptors",
            "type": "timeseries"
          },
          {
            "collapsed": false,
            "gridPos": {
              "h": 1,
              "w": 24,
              "x": 0,
              "y": 27
            },
            "id": 129,
            "panels": [],
            "repeat": "persistence_counts",
            "title": "JVM Memory Pools (Heap)",
            "type": "row"
          },
          {
            "datasource": {
              "type": "prometheus",
              "uid": "prometheus"
            },
            "fieldConfig": {
              "defaults": {},
              "overrides": []
            },
            "gridPos": {
              "h": 7,
              "w": 8,
              "x": 0,
              "y": 28
            },
            "id": 3,
            "maxPerRow": 3,
            "options": {
              "dataLinks": []
            },
            "repeat": "jvm_memory_pool_heap",
            "repeatDirection": "v",
            "targets": [
              {
                "datasource": {
                  "type": "prometheus",
                  "uid": "prometheus"
                },
                "expr": "jvm_memory_used_bytes{instance=\"$instance\", id=~\"$jvm_memory_pool_heap\"}",
                "format": "time_series",
                "hide": false,
                "interval": "",
                "intervalFactor": 2,
                "legendFormat": "used",
                "metric": "",
                "refId": "A",
                "step": 1800
              },
              {
                "datasource": {
                  "type": "prometheus",
                  "uid": "prometheus"
                },
                "expr": "jvm_memory_committed_bytes{instance=\"$instance\", id=~\"$jvm_memory_pool_heap\"}",
                "format": "time_series",
                "hide": false,
                "interval": "",
                "intervalFactor": 2,
                "legendFormat": "commited",
                "metric": "",
                "refId": "B",
                "step": 1800
              },
              {
                "datasource": {
                  "type": "prometheus",
                  "uid": "prometheus"
                },
                "expr": "jvm_memory_max_bytes{instance=\"$instance\", id=~\"$jvm_memory_pool_heap\"}",
                "format": "time_series",
                "hide": false,
                "interval": "",
                "intervalFactor": 2,
                "legendFormat": "max",
                "metric": "",
                "refId": "C",
                "step": 1800
              }
            ],
            "title": "$jvm_memory_pool_heap",
            "type": "timeseries"
          },
          {
            "collapsed": false,
            "gridPos": {
              "h": 1,
              "w": 24,
              "x": 0,
              "y": 49
            },
            "id": 130,
            "panels": [],
            "title": "JVM Memory Pools (Non-Heap)",
            "type": "row"
          },
          {
            "datasource": {
              "type": "prometheus",
              "uid": "prometheus"
            },
            "fieldConfig": {
              "defaults": {},
              "overrides": []
            },
            "gridPos": {
              "h": 7,
              "w": 8,
              "x": 0,
              "y": 50
            },
            "id": 78,
            "maxPerRow": 3,
            "options": {
              "dataLinks": []
            },
            "repeat": "jvm_memory_pool_nonheap",
            "repeatDirection": "v",
            "targets": [
              {
                "datasource": {
                  "type": "prometheus",
                  "uid": "prometheus"
                },
                "expr": "jvm_memory_used_bytes{instance=\"$instance\", id=~\"$jvm_memory_pool_nonheap\"}",
                "format": "time_series",
                "hide": false,
                "interval": "",
                "intervalFactor": 2,
                "legendFormat": "used",
                "metric": "",
                "refId": "A",
                "step": 1800
              },
              {
                "datasource": {
                  "type": "prometheus",
                  "uid": "prometheus"
                },
                "expr": "jvm_memory_committed_bytes{instance=\"$instance\", id=~\"$jvm_memory_pool_nonheap\"}",
                "format": "time_series",
                "hide": false,
                "interval": "",
                "intervalFactor": 2,
                "legendFormat": "commited",
                "metric": "",
                "refId": "B",
                "step": 1800
              },
              {
                "datasource": {
                  "type": "prometheus",
                  "uid": "prometheus"
                },
                "expr": "jvm_memory_max_bytes{instance=\"$instance\", id=~\"$jvm_memory_pool_nonheap\"}",
                "format": "time_series",
                "hide": false,
                "interval": "",
                "intervalFactor": 2,
                "legendFormat": "max",
                "metric": "",
                "refId": "C",
                "step": 1800
              }
            ],
            "title": "$jvm_memory_pool_nonheap",
            "type": "timeseries"
          },
          {
            "collapsed": false,
            "gridPos": {
              "h": 1,
              "w": 24,
              "x": 0,
              "y": 85
            },
            "id": 131,
            "panels": [],
            "title": "Garbage Collection",
            "type": "row"
          },
          {
            "datasource": {
              "type": "prometheus",
              "uid": "prometheus"
            },
            "fieldConfig": {
              "defaults": {
                "color": {
                  "mode": "palette-classic"
                },
                "custom": {
                  "axisBorderShow": false,
                  "axisCenteredZero": false,
                  "axisColorMode": "text",
                  "axisLabel": "",
                  "axisPlacement": "auto",
                  "barAlignment": 0,
                  "barWidthFactor": 0.6,
                  "drawStyle": "line",
                  "fillOpacity": 0,
                  "gradientMode": "none",
                  "hideFrom": {
                    "legend": false,
                    "tooltip": false,
                    "viz": false
                  },
                  "insertNulls": false,
                  "lineInterpolation": "linear",
                  "lineWidth": 1,
                  "pointSize": 5,
                  "scaleDistribution": {
                    "type": "linear"
                  },
                  "showPoints": "auto",
                  "spanNulls": false,
                  "stacking": {
                    "group": "A",
                    "mode": "none"
                  },
                  "thresholdsStyle": {
                    "mode": "off"
                  }
                },
                "mappings": [],
                "thresholds": {
                  "mode": "absolute",
                  "steps": [
                    {
                      "color": "green",
                      "value": null
                    },
                    {
                      "color": "red",
                      "value": 80
                    }
                  ]
                }
              },
              "overrides": []
            },
            "gridPos": {
              "h": 7,
              "w": 8,
              "x": 0,
              "y": 86
            },
            "id": 98,
            "options": {
              "dataLinks": [],
              "legend": {
                "calcs": [],
                "displayMode": "list",
                "placement": "bottom",
                "showLegend": true
              },
              "tooltip": {
                "mode": "single",
                "sort": "none"
              }
            },
            "targets": [
              {
                "datasource": {
                  "type": "prometheus",
                  "uid": "prometheus"
                },
                "expr": "rate(jvm_gc_pause_seconds_count{instance=\"$instance\"}[2m])",
                "format": "time_series",
                "hide": false,
                "interval": "",
                "intervalFactor": 1,
                "legendFormat": "{{action}} ({{cause}})",
                "refId": "A"
              }
            ],
            "title": "Collections",
            "type": "timeseries"
          },
          {
            "datasource": {
              "type": "prometheus",
              "uid": "prometheus"
            },
            "fieldConfig": {
              "defaults": {
                "color": {
                  "mode": "palette-classic"
                },
                "custom": {
                  "axisBorderShow": false,
                  "axisCenteredZero": false,
                  "axisColorMode": "text",
                  "axisLabel": "",
                  "axisPlacement": "auto",
                  "barAlignment": 0,
                  "barWidthFactor": 0.6,
                  "drawStyle": "line",
                  "fillOpacity": 0,
                  "gradientMode": "none",
                  "hideFrom": {
                    "legend": false,
                    "tooltip": false,
                    "viz": false
                  },
                  "insertNulls": false,
                  "lineInterpolation": "linear",
                  "lineWidth": 1,
                  "pointSize": 5,
                  "scaleDistribution": {
                    "type": "linear"
                  },
                  "showPoints": "auto",
                  "spanNulls": false,
                  "stacking": {
                    "group": "A",
                    "mode": "none"
                  },
                  "thresholdsStyle": {
                    "mode": "off"
                  }
                },
                "mappings": [],
                "thresholds": {
                  "mode": "absolute",
                  "steps": [
                    {
                      "color": "green",
                      "value": null
                    },
                    {
                      "color": "red",
                      "value": 80
                    }
                  ]
                }
              },
              "overrides": []
            },
            "gridPos": {
              "h": 7,
              "w": 8,
              "x": 8,
              "y": 86
            },
            "id": 101,
            "options": {
              "dataLinks": [],
              "legend": {
                "calcs": [],
                "displayMode": "list",
                "placement": "bottom",
                "showLegend": true
              },
              "tooltip": {
                "mode": "single",
                "sort": "none"
              }
            },
            "targets": [
              {
                "datasource": {
                  "type": "prometheus",
                  "uid": "prometheus"
                },
                "expr": "rate(jvm_gc_pause_seconds_sum{instance=\"$instance\"}[1m])/rate(jvm_gc_pause_seconds_count{instance=\"$instance\"}[1m])",
                "format": "time_series",
                "hide": false,
                "instant": false,
                "intervalFactor": 1,
                "legendFormat": "avg {{action}} ({{cause}})",
                "refId": "A"
              },
              {
                "datasource": {
                  "type": "prometheus",
                  "uid": "prometheus"
                },
                "expr": "jvm_gc_pause_seconds_max{instance=\"$instance\"}",
                "format": "time_series",
                "hide": false,
                "instant": false,
                "intervalFactor": 1,
                "legendFormat": "max {{action}} ({{cause}})",
                "refId": "B"
              }
            ],
            "title": "Pause Durations",
            "type": "timeseries"
          },
          {
            "datasource": {
              "type": "prometheus",
              "uid": "prometheus"
            },
            "fieldConfig": {
              "defaults": {
                "color": {
                  "mode": "palette-classic"
                },
                "custom": {
                  "axisBorderShow": false,
                  "axisCenteredZero": false,
                  "axisColorMode": "text",
                  "axisLabel": "",
                  "axisPlacement": "auto",
                  "barAlignment": 0,
                  "barWidthFactor": 0.6,
                  "drawStyle": "line",
                  "fillOpacity": 0,
                  "gradientMode": "none",
                  "hideFrom": {
                    "legend": false,
                    "tooltip": false,
                    "viz": false
                  },
                  "insertNulls": false,
                  "lineInterpolation": "linear",
                  "lineWidth": 1,
                  "pointSize": 5,
                  "scaleDistribution": {
                    "type": "linear"
                  },
                  "showPoints": "auto",
                  "spanNulls": false,
                  "stacking": {
                    "group": "A",
                    "mode": "none"
                  },
                  "thresholdsStyle": {
                    "mode": "off"
                  }
                },
                "mappings": [],
                "thresholds": {
                  "mode": "absolute",
                  "steps": [
                    {
                      "color": "green",
                      "value": null
                    },
                    {
                      "color": "red",
                      "value": 80
                    }
                  ]
                }
              },
              "overrides": []
            },
            "gridPos": {
              "h": 7,
              "w": 8,
              "x": 16,
              "y": 86
            },
            "id": 99,
            "options": {
              "dataLinks": [],
              "legend": {
                "calcs": [],
                "displayMode": "list",
                "placement": "bottom",
                "showLegend": true
              },
              "tooltip": {
                "mode": "single",
                "sort": "none"
              }
            },
            "targets": [
              {
                "datasource": {
                  "type": "prometheus",
                  "uid": "prometheus"
                },
                "expr": "rate(jvm_gc_memory_allocated_bytes_total{instance=\"$instance\"}[2m])",
                "format": "time_series",
                "interval": "",
                "intervalFactor": 1,
                "legendFormat": "allocated",
                "refId": "A"
              },
              {
                "datasource": {
                  "type": "prometheus",
                  "uid": "prometheus"
                },
                "expr": "rate(jvm_gc_memory_promoted_bytes_total{instance=\"$instance\"}[2m])",
                "format": "time_series",
                "interval": "",
                "intervalFactor": 1,
                "legendFormat": "promoted",
                "refId": "B"
              }
            ],
            "title": "Allocated/Promoted",
            "type": "timeseries"
          },
          {
            "collapsed": false,
            "gridPos": {
              "h": 1,
              "w": 24,
              "x": 0,
              "y": 93
            },
            "id": 132,
            "panels": [],
            "title": "Classloading",
            "type": "row"
          },
          {
            "datasource": {
              "type": "prometheus",
              "uid": "prometheus"
            },
            "fieldConfig": {
              "defaults": {
                "color": {
                  "mode": "palette-classic"
                },
                "custom": {
                  "axisBorderShow": false,
                  "axisCenteredZero": false,
                  "axisColorMode": "text",
                  "axisLabel": "",
                  "axisPlacement": "auto",
                  "barAlignment": 0,
                  "barWidthFactor": 0.6,
                  "drawStyle": "line",
                  "fillOpacity": 0,
                  "gradientMode": "none",
                  "hideFrom": {
                    "legend": false,
                    "tooltip": false,
                    "viz": false
                  },
                  "insertNulls": false,
                  "lineInterpolation": "linear",
                  "lineWidth": 1,
                  "pointSize": 5,
                  "scaleDistribution": {
                    "type": "linear"
                  },
                  "showPoints": "auto",
                  "spanNulls": false,
                  "stacking": {
                    "group": "A",
                    "mode": "none"
                  },
                  "thresholdsStyle": {
                    "mode": "off"
                  }
                },
                "mappings": [],
                "thresholds": {
                  "mode": "absolute",
                  "steps": [
                    {
                      "color": "green",
                      "value": null
                    },
                    {
                      "color": "red",
                      "value": 80
                    }
                  ]
                }
              },
              "overrides": []
            },
            "gridPos": {
              "h": 7,
              "w": 12,
              "x": 0,
              "y": 94
            },
            "id": 37,
            "options": {
              "dataLinks": [],
              "legend": {
                "calcs": [],
                "displayMode": "list",
                "placement": "bottom",
                "showLegend": true
              },
              "tooltip": {
                "mode": "single",
                "sort": "none"
              }
            },
            "targets": [
              {
                "datasource": {
                  "type": "prometheus",
                  "uid": "prometheus"
                },
                "expr": "jvm_classes_loaded_classes{instance=\"$instance\"}",
                "format": "time_series",
                "intervalFactor": 2,
                "legendFormat": "loaded",
                "metric": "",
                "refId": "A",
                "step": 1200
              }
            ],
            "title": "Classes loaded",
            "type": "timeseries"
          },
          {
            "datasource": {
              "type": "prometheus",
              "uid": "prometheus"
            },
            "fieldConfig": {
              "defaults": {
                "color": {
                  "mode": "palette-classic"
                },
                "custom": {
                  "axisBorderShow": false,
                  "axisCenteredZero": false,
                  "axisColorMode": "text",
                  "axisLabel": "",
                  "axisPlacement": "auto",
                  "barAlignment": 0,
                  "barWidthFactor": 0.6,
                  "drawStyle": "line",
                  "fillOpacity": 0,
                  "gradientMode": "none",
                  "hideFrom": {
                    "legend": false,
                    "tooltip": false,
                    "viz": false
                  },
                  "insertNulls": false,
                  "lineInterpolation": "linear",
                  "lineWidth": 1,
                  "pointSize": 5,
                  "scaleDistribution": {
                    "type": "linear"
                  },
                  "showPoints": "auto",
                  "spanNulls": false,
                  "stacking": {
                    "group": "A",
                    "mode": "none"
                  },
                  "thresholdsStyle": {
                    "mode": "off"
                  }
                },
                "mappings": [],
                "thresholds": {
                  "mode": "absolute",
                  "steps": [
                    {
                      "color": "green",
                      "value": null
                    },
                    {
                      "color": "red",
                      "value": 80
                    }
                  ]
                }
              },
              "overrides": []
            },
            "gridPos": {
              "h": 7,
              "w": 12,
              "x": 12,
              "y": 94
            },
            "id": 38,
            "options": {
              "dataLinks": [],
              "legend": {
                "calcs": [],
                "displayMode": "list",
                "placement": "bottom",
                "showLegend": true
              },
              "tooltip": {
                "mode": "single",
                "sort": "none"
              }
            },
            "targets": [
              {
                "datasource": {
                  "type": "prometheus",
                  "uid": "prometheus"
                },
                "expr": "delta(jvm_classes_loaded_classes{instance=\"$instance\"}[2m])",
                "format": "time_series",
                "hide": false,
                "interval": "",
                "intervalFactor": 1,
                "legendFormat": "delta-1m",
                "metric": "",
                "refId": "A",
                "step": 1200
              }
            ],
            "title": "Class delta",
            "type": "timeseries"
          },
          {
            "collapsed": false,
            "gridPos": {
              "h": 1,
              "w": 24,
              "x": 0,
              "y": 101
            },
            "id": 133,
            "panels": [],
            "title": "Buffer Pools",
            "type": "row"
          },
          {
            "datasource": {
              "type": "prometheus",
              "uid": "prometheus"
            },
            "fieldConfig": {
              "defaults": {
                "color": {
                  "mode": "palette-classic"
                },
                "custom": {
                  "axisBorderShow": false,
                  "axisCenteredZero": false,
                  "axisColorMode": "text",
                  "axisLabel": "",
                  "axisPlacement": "auto",
                  "barAlignment": 0,
                  "barWidthFactor": 0.6,
                  "drawStyle": "line",
                  "fillOpacity": 0,
                  "gradientMode": "none",
                  "hideFrom": {
                    "legend": false,
                    "tooltip": false,
                    "viz": false
                  },
                  "insertNulls": false,
                  "lineInterpolation": "linear",
                  "lineWidth": 1,
                  "pointSize": 5,
                  "scaleDistribution": {
                    "type": "linear"
                  },
                  "showPoints": "auto",
                  "spanNulls": false,
                  "stacking": {
                    "group": "A",
                    "mode": "none"
                  },
                  "thresholdsStyle": {
                    "mode": "off"
                  }
                },
                "mappings": [],
                "thresholds": {
                  "mode": "absolute",
                  "steps": [
                    {
                      "color": "green",
                      "value": null
                    },
                    {
                      "color": "red",
                      "value": 80
                    }
                  ]
                }
              },
              "overrides": []
            },
            "gridPos": {
              "h": 7,
              "w": 6,
              "x": 0,
              "y": 102
            },
            "id": 33,
            "options": {
              "dataLinks": [],
              "legend": {
                "calcs": [],
                "displayMode": "list",
                "placement": "bottom",
                "showLegend": true
              },
              "tooltip": {
                "mode": "single",
                "sort": "none"
              }
            },
            "targets": [
              {
                "datasource": {
                  "type": "prometheus",
                  "uid": "prometheus"
                },
                "expr": "jvm_buffer_memory_used_bytes{instance=\"$instance\", id=\"direct\"}",
                "format": "time_series",
                "intervalFactor": 2,
                "legendFormat": "used",
                "metric": "",
                "refId": "A",
                "step": 2400
              },
              {
                "datasource": {
                  "type": "prometheus",
                  "uid": "prometheus"
                },
                "expr": "jvm_buffer_total_capacity_bytes{instance=\"$instance\", id=\"direct\"}",
                "format": "time_series",
                "intervalFactor": 2,
                "legendFormat": "capacity",
                "metric": "",
                "refId": "B",
                "step": 2400
              }
            ],
            "title": "Direct Buffers",
            "type": "timeseries"
          },
          {
            "datasource": {
              "type": "prometheus",
              "uid": "prometheus"
            },
            "fieldConfig": {
              "defaults": {
                "color": {
                  "mode": "palette-classic"
                },
                "custom": {
                  "axisBorderShow": false,
                  "axisCenteredZero": false,
                  "axisColorMode": "text",
                  "axisLabel": "",
                  "axisPlacement": "auto",
                  "barAlignment": 0,
                  "barWidthFactor": 0.6,
                  "drawStyle": "line",
                  "fillOpacity": 0,
                  "gradientMode": "none",
                  "hideFrom": {
                    "legend": false,
                    "tooltip": false,
                    "viz": false
                  },
                  "insertNulls": false,
                  "lineInterpolation": "linear",
                  "lineWidth": 1,
                  "pointSize": 5,
                  "scaleDistribution": {
                    "type": "linear"
                  },
                  "showPoints": "auto",
                  "spanNulls": false,
                  "stacking": {
                    "group": "A",
                    "mode": "none"
                  },
                  "thresholdsStyle": {
                    "mode": "off"
                  }
                },
                "mappings": [],
                "thresholds": {
                  "mode": "absolute",
                  "steps": [
                    {
                      "color": "green",
                      "value": null
                    },
                    {
                      "color": "red",
                      "value": 80
                    }
                  ]
                }
              },
              "overrides": []
            },
            "gridPos": {
              "h": 7,
              "w": 6,
              "x": 6,
              "y": 102
            },
            "id": 83,
            "options": {
              "dataLinks": [],
              "legend": {
                "calcs": [],
                "displayMode": "list",
                "placement": "bottom",
                "showLegend": true
              },
              "tooltip": {
                "mode": "single",
                "sort": "none"
              }
            },
            "targets": [
              {
                "datasource": {
                  "type": "prometheus",
                  "uid": "prometheus"
                },
                "expr": "jvm_buffer_count_buffers{instance=\"$instance\", id=\"direct\"}",
                "format": "time_series",
                "intervalFactor": 2,
                "legendFormat": "count",
                "metric": "",
                "refId": "A",
                "step": 2400
              }
            ],
            "title": "Direct Buffers",
            "type": "timeseries"
          },
          {
            "datasource": {
              "type": "prometheus",
              "uid": "prometheus"
            },
            "fieldConfig": {
              "defaults": {
                "color": {
                  "mode": "palette-classic"
                },
                "custom": {
                  "axisBorderShow": false,
                  "axisCenteredZero": false,
                  "axisColorMode": "text",
                  "axisLabel": "",
                  "axisPlacement": "auto",
                  "barAlignment": 0,
                  "barWidthFactor": 0.6,
                  "drawStyle": "line",
                  "fillOpacity": 0,
                  "gradientMode": "none",
                  "hideFrom": {
                    "legend": false,
                    "tooltip": false,
                    "viz": false
                  },
                  "insertNulls": false,
                  "lineInterpolation": "linear",
                  "lineWidth": 1,
                  "pointSize": 5,
                  "scaleDistribution": {
                    "type": "linear"
                  },
                  "showPoints": "auto",
                  "spanNulls": false,
                  "stacking": {
                    "group": "A",
                    "mode": "none"
                  },
                  "thresholdsStyle": {
                    "mode": "off"
                  }
                },
                "mappings": [],
                "thresholds": {
                  "mode": "absolute",
                  "steps": [
                    {
                      "color": "green",
                      "value": null
                    },
                    {
                      "color": "red",
                      "value": 80
                    }
                  ]
                }
              },
              "overrides": []
            },
            "gridPos": {
              "h": 7,
              "w": 6,
              "x": 12,
              "y": 102
            },
            "id": 85,
            "options": {
              "dataLinks": [],
              "legend": {
                "calcs": [],
                "displayMode": "list",
                "placement": "bottom",
                "showLegend": true
              },
              "tooltip": {
                "mode": "single",
                "sort": "none"
              }
            },
            "targets": [
              {
                "datasource": {
                  "type": "prometheus",
                  "uid": "prometheus"
                },
                "expr": "jvm_buffer_memory_used_bytes{instance=\"$instance\", id=\"mapped\"}",
                "format": "time_series",
                "intervalFactor": 2,
                "legendFormat": "used",
                "metric": "",
                "refId": "A",
                "step": 2400
              },
              {
                "datasource": {
                  "type": "prometheus",
                  "uid": "prometheus"
                },
                "expr": "jvm_buffer_total_capacity_bytes{instance=\"$instance\", id=\"mapped\"}",
                "format": "time_series",
                "intervalFactor": 2,
                "legendFormat": "capacity",
                "metric": "",
                "refId": "B",
                "step": 2400
              }
            ],
            "title": "Mapped Buffers",
            "type": "timeseries"
          },
          {
            "datasource": {
              "type": "prometheus",
              "uid": "prometheus"
            },
            "fieldConfig": {
              "defaults": {
                "color": {
                  "mode": "palette-classic"
                },
                "custom": {
                  "axisBorderShow": false,
                  "axisCenteredZero": false,
                  "axisColorMode": "text",
                  "axisLabel": "",
                  "axisPlacement": "auto",
                  "barAlignment": 0,
                  "barWidthFactor": 0.6,
                  "drawStyle": "line",
                  "fillOpacity": 0,
                  "gradientMode": "none",
                  "hideFrom": {
                    "legend": false,
                    "tooltip": false,
                    "viz": false
                  },
                  "insertNulls": false,
                  "lineInterpolation": "linear",
                  "lineWidth": 1,
                  "pointSize": 5,
                  "scaleDistribution": {
                    "type": "linear"
                  },
                  "showPoints": "auto",
                  "spanNulls": false,
                  "stacking": {
                    "group": "A",
                    "mode": "none"
                  },
                  "thresholdsStyle": {
                    "mode": "off"
                  }
                },
                "mappings": [],
                "thresholds": {
                  "mode": "absolute",
                  "steps": [
                    {
                      "color": "green",
                      "value": null
                    },
                    {
                      "color": "red",
                      "value": 80
                    }
                  ]
                }
              },
              "overrides": []
            },
            "gridPos": {
              "h": 7,
              "w": 6,
              "x": 18,
              "y": 102
            },
            "id": 84,
            "options": {
              "dataLinks": [],
              "legend": {
                "calcs": [],
                "displayMode": "list",
                "placement": "bottom",
                "showLegend": true
              },
              "tooltip": {
                "mode": "single",
                "sort": "none"
              }
            },
            "targets": [
              {
                "datasource": {
                  "type": "prometheus",
                  "uid": "prometheus"
                },
                "expr": "jvm_buffer_count_buffers{instance=\"$instance\", id=\"mapped\"}",
                "format": "time_series",
                "intervalFactor": 2,
                "legendFormat": "count",
                "metric": "",
                "refId": "A",
                "step": 2400
              }
            ],
            "title": "Mapped Buffers",
            "type": "timeseries"
          }
        ],
        "preload": false,
        "refresh": "10s",
        "schemaVersion": 40,
        "tags": [],
        "templating": {
          "list": [
            {
              "datasource": "prometheus",
              "definition": "",
              "includeAll": false,
              "label": "Instance",
              "name": "instance",
              "options": [],
              "query": "label_values(operator_sdk_reconciliations_executions_hivemq_controller, instance)",
              "refresh": 2,
              "regex": "",
              "type": "query"
            },
            {
              "datasource": "prometheus",
              "definition": "",
              "includeAll": true,
              "label": "JVM Memory Pools Heap",
              "name": "jvm_memory_pool_heap",
              "options": [],
              "query": "label_values(jvm_memory_used_bytes{instance=\"$instance\", area=\"heap\"},id)",
              "refresh": 1,
              "regex": "",
              "sort": 1,
              "type": "query"
            },
            {
              "datasource": "prometheus",
              "definition": "",
              "includeAll": true,
              "label": "JVM Memory Pools Non-Heap",
              "name": "jvm_memory_pool_nonheap",
              "options": [],
              "query": "label_values(jvm_memory_used_bytes{instance=\"$instance\", area=\"nonheap\"},id)",
              "refresh": 1,
              "regex": "",
              "sort": 2,
              "type": "query"
            }
          ]
        },
        "time": {
          "from": "now-30m",
          "to": "now"
        },
        "timepicker": {},
        "timezone": "",
        "title": "HiveMQ Platform Operator (Prometheus)",
        "version": "1",
        "weekStart": ""
      }
