with default values:
  1: |
    - apiGroups:
        - hivemq.com
      resources:
        - hivemq-platforms
        - hivemq-platforms/status
        - hivemq-platforms/finalizers
      verbs:
        - get
        - list
        - watch
        - patch
        - update
        - create
        - delete
    - apiGroups:
        - apiextensions.k8s.io
      resources:
        - customresourcedefinitions
      verbs:
        - get
        - list
        - watch
        - create
        - patch
        - update
    - apiGroups:
        - rbac.authorization.k8s.io
      resources:
        - clusterroles
        - clusterrolebindings
      verbs:
        - get
        - list
        - watch
    - apiGroups:
        - ""
      resources:
        - configmaps
        - events
        - pods
        - secrets
        - services
      verbs:
        - get
        - list
        - watch
        - create
        - patch
        - update
        - delete
    - apiGroups:
        - apps
      resources:
        - statefulsets
      verbs:
        - get
        - list
        - watch
        - create
        - patch
        - update
        - delete
    - apiGroups:
        - ""
      resources:
        - pods/exec
      verbs:
        - create
        - watch
        - get
    - apiGroups:
        - ""
      resources:
        - serviceaccounts
      verbs:
        - get
        - list
        - watch
        - create
        - patch
        - update
        - delete
    - apiGroups:
        - rbac.authorization.k8s.io
      resources:
        - roles
        - rolebindings
      verbs:
        - get
        - list
        - watch
        - create
        - patch
        - update
        - delete
with namespaces:
  1: |
    - apiGroups:
        - hivemq.com
      resources:
        - hivemq-platforms
        - hivemq-platforms/status
        - hivemq-platforms/finalizers
      verbs:
        - get
        - list
        - watch
        - patch
        - update
        - create
        - delete
    - apiGroups:
        - apiextensions.k8s.io
      resources:
        - customresourcedefinitions
      verbs:
        - get
        - list
        - watch
        - create
        - patch
        - update
    - apiGroups:
        - rbac.authorization.k8s.io
      resources:
        - clusterroles
        - clusterrolebindings
      verbs:
        - get
        - list
        - watch
  2: |
    - apiGroups:
        - ""
      resources:
        - configmaps
        - events
        - pods
        - secrets
        - services
      verbs:
        - get
        - list
        - watch
        - create
        - patch
        - update
        - delete
    - apiGroups:
        - apps
      resources:
        - statefulsets
      verbs:
        - get
        - list
        - watch
        - create
        - patch
        - update
        - delete
    - apiGroups:
        - ""
      resources:
        - pods/exec
      verbs:
        - create
        - watch
        - get
    - apiGroups:
        - ""
      resources:
        - serviceaccounts
      verbs:
        - get
        - list
        - watch
        - create
        - patch
        - update
        - delete
    - apiGroups:
        - rbac.authorization.k8s.io
      resources:
        - roles
        - rolebindings
      verbs:
        - get
        - list
        - watch
        - create
        - patch
        - update
        - delete
  3: |
    - apiGroups:
        - ""
      resources:
        - configmaps
        - events
        - pods
        - secrets
        - services
      verbs:
        - get
        - list
        - watch
        - create
        - patch
        - update
        - delete
    - apiGroups:
        - apps
      resources:
        - statefulsets
      verbs:
        - get
        - list
        - watch
        - create
        - patch
        - update
        - delete
    - apiGroups:
        - ""
      resources:
        - pods/exec
      verbs:
        - create
        - watch
        - get
    - apiGroups:
        - ""
      resources:
        - serviceaccounts
      verbs:
        - get
        - list
        - watch
        - create
        - patch
        - update
        - delete
    - apiGroups:
        - rbac.authorization.k8s.io
      resources:
        - roles
        - rolebindings
      verbs:
        - get
        - list
        - watch
        - create
        - patch
        - update
        - delete
